// Jest Snapshot v1, https://goo.gl/fbAQLP

exports[`Todo properties Renders todo form component 1`] = `
<form>
  <label
    htmlFor="todo"
  >
    To Do
  </label>
  <input
    id="todo"
    name="todo"
    onChange={[Function]}
    type="text"
    value=""
  />
  <label
    htmlFor="date"
  >
    Date
  </label>
  <input
    id="date"
    name="date"
    onChange={[Function]}
    placeholder="YYYY-MM-DD"
    type="date"
    value=""
  />
  <label
    htmlFor="submit"
  >
    Submit
  </label>
  <input
    id="submit"
    onClick={[Function]}
    type="button"
    value="Add Todo"
  />
</form>
`;
